_t: StubDataclassOptionalFields
Module:
  ModuleName: stubs.cl.runtime.records.for_dataclasses.stub_dataclass_optional_fields
Name: StubDataclassOptionalFields
Label: Stub Dataclass Optional Fields
Comment: Stub derived class.
DisplayKind: Basic
Elements:
- Value:
    Type: String
  Name: Id
  Comment: Unique identifier.
- Value:
    Type: String
  Name: OptionalStr
  Comment: Optional string.
  Optional: true
- Value:
    Type: String
  Name: RequiredListOfOptionalStr
  Comment: Required list of optional strings.
  Vector: true
  OptionalVectorElement: true
- Value:
    Type: String
  Name: OptionalListOfOptionalStr
  Comment: Optional list of optional strings.
  Vector: true
  Optional: true
  OptionalVectorElement: true
- Value:
    Type: Double
  Name: OptionalFloat
  Comment: Optional float.
  Optional: true
- Value:
    Type: Double
  Name: RequiredListOfOptionalFloat
  Comment: Required list of optional floats.
  Vector: true
  OptionalVectorElement: true
- Value:
    Type: Double
  Name: OptionalListOfOptionalFloat
  Comment: Optional list of optional floats.
  Vector: true
  Optional: true
  OptionalVectorElement: true
- _t: stubs.cl.runtime.records.for_dataclasses.stub_dataclass_data.StubDataclassData
  Data:
    Module:
      ModuleName: stubs.cl.runtime.records.for_dataclasses.stub_dataclass_data
    Name: StubDataclassData
  Name: OptionalData
  Comment: Optional data.
  Optional: true
- _t: stubs.cl.runtime.records.for_dataclasses.stub_dataclass_data.StubDataclassData
  Data:
    Module:
      ModuleName: stubs.cl.runtime.records.for_dataclasses.stub_dataclass_data
    Name: StubDataclassData
  Name: RequiredListOfOptionalData
  Comment: Required list of optional data.
  Vector: true
  OptionalVectorElement: true
- _t: stubs.cl.runtime.records.for_dataclasses.stub_dataclass_data.StubDataclassData
  Data:
    Module:
      ModuleName: stubs.cl.runtime.records.for_dataclasses.stub_dataclass_data
    Name: StubDataclassData
  Name: OptionalListOfOptionalData
  Comment: Optional list of optional data.
  Vector: true
  Optional: true
  OptionalVectorElement: true
- _t: stubs.cl.runtime.records.for_dataclasses.stub_dataclass_record_key.StubDataclassRecordKey
  Key:
    Module:
      ModuleName: stubs.cl.runtime.records.for_dataclasses.stub_dataclass_record_key
    Name: StubDataclassRecordKey
  Name: OptionalKey
  Comment: Optional key.
  Optional: true
- _t: stubs.cl.runtime.records.for_dataclasses.stub_dataclass_record_key.StubDataclassRecordKey
  Key:
    Module:
      ModuleName: stubs.cl.runtime.records.for_dataclasses.stub_dataclass_record_key
    Name: StubDataclassRecordKey
  Name: RequiredListOfOptionalKey
  Comment: Required list of optional key.
  Vector: true
  OptionalVectorElement: true
- _t: stubs.cl.runtime.records.for_dataclasses.stub_dataclass_record_key.StubDataclassRecordKey
  Key:
    Module:
      ModuleName: stubs.cl.runtime.records.for_dataclasses.stub_dataclass_record_key
    Name: StubDataclassRecordKey
  Name: OptionalListOfOptionalKey
  Comment: Optional list of optional key.
  Vector: true
  Optional: true
  OptionalVectorElement: true
- _t: stubs.cl.runtime.records.for_dataclasses.stub_dataclass_record.StubDataclassRecord
  Data:
    Module:
      ModuleName: stubs.cl.runtime.records.for_dataclasses.stub_dataclass_record
    Name: StubDataclassRecord
  Name: OptionalRecord
  Comment: Optional record.
  Optional: true
- _t: stubs.cl.runtime.records.for_dataclasses.stub_dataclass_record.StubDataclassRecord
  Data:
    Module:
      ModuleName: stubs.cl.runtime.records.for_dataclasses.stub_dataclass_record
    Name: StubDataclassRecord
  Name: RequiredListOfOptionalRecord
  Comment: Required list of optional record.
  Vector: true
  OptionalVectorElement: true
- _t: stubs.cl.runtime.records.for_dataclasses.stub_dataclass_record.StubDataclassRecord
  Data:
    Module:
      ModuleName: stubs.cl.runtime.records.for_dataclasses.stub_dataclass_record
    Name: StubDataclassRecord
  Name: OptionalListOfOptionalRecord
  Comment: Optional list of optional record.
  Vector: true
  Optional: true
  OptionalVectorElement: true
Keys:
- Id

