_t: StubDataclassRecord
Module:
  ModuleName: stubs.cl.runtime.records.for_dataclasses.stub_dataclass_record
Name: StubDataclassRecord
Label: Stub Dataclass Record
Comment: Stub record base class.
DisplayKind: Basic
Elements:
- Value:
    Type: String
  Name: Id
  Comment: Unique identifier.
Keys:
- Id

